01380006302
014810000198
0138315LUFU
0138316EDV1
014921802.00
01630005000045
0143101LastName
0153102FirstName
017310301011989
01931051712550101
01031081
01031101
0123622176
0123623085